  ____                                        _                    
 / ___|    ___   _ __  __   __   ___   _ __  | |   ___   ___   ___ 
 \___ \   / _ \ | '__| \ \ / /  / _ \ | '__| | |  / _ \ / __| / __|
  ___) | |  __/ | |     \ V /  |  __/ | |    | | |  __/ \__ \ \__ \
 |____/   \___| |_|      \_/    \___| |_|    |_|  \___| |___/ |___/
                                                                   
  ____    _             
 / ___|  (_)  _ __ ___  
 \___ \  | | | '_ ` _ \ 
  ___) | | | | | | | | |
 |____/  |_| |_| |_| |_|
                        

job_name:j_640171
job_name:j_1405428
job_name:j_3032290
job_name:j_846889
job_name:j_1199545
job_name:j_4112295
job_name:j_400420
job_name:j_3635119
job_name:j_1110731
job_name:j_1007311
job_name:j_82764
job_name:j_114182
job_name:j_387518
job_name:j_2200685
job_name:j_3669471
job_name:j_2850175
job_name:j_3414117
job_name:j_2399528
job_name:j_1759102
job_name:j_1079722
job_name:j_2967067
job_name:j_3534960
job_name:j_2927836
job_name:j_3310257
job_name:j_1002438
job_name:j_2667323
job_name:j_2096508
job_name:j_1360894
job_name:j_1352112
job_name:j_3532469
job_name:j_284083
job_name:j_272221
job_name:j_2591719
job_name:j_1520147
job_name:j_108257
job_name:j_2420958
job_name:j_1578937
job_name:j_2270790
job_name:j_2002972
job_name:j_146855
job_name:j_677459
job_name:j_3043740
job_name:j_2375823
job_name:j_3568482
job_name:j_3264896
{"ended_at": "2026-09-04T17:15:35.768966Z", "python_helper_interpreter": "D:\\Anaconda3\\python.exe", "python_helper_interpreter_sha256": "a1685ca0f56367b7ca3e8bf1bcbdd3a326f5e8e20c8743bf3108586f0aaff384", "python_helper_version": "3.9.7 (default, Sep 16 2021, 16:59:28) [MSC v.1916 64 bit (AMD64)]", "reset_response_id": 1, "run_id": "reference-build.nse-reference.G18.sche_nash.ready_global_overflow_soft_cap_release_valve.low.homogeneous.n20.D119.74a4e0127d591c08", "schema_version": "NSE_SERVERLESS_ADAPTER_V1", "server_executable": "C:\\Users\\99349\\Desktop\\serverless_sim_game_revision\\serverless_sim\\target_g18_overflow_soft_cap_impl\\release\\serverless_sim.exe", "server_executable_sha256": "aaa0980cf451a88f7b3652f55c3e8c624af2a71b6312c40f4b19aa83bf6af713", "server_log_level": "warn", "server_pid": 114344, "started_at": "2026-09-04T17:15:26.201378Z", "status": "completed", "step_response_id": 1, "summary_sha256": "52b6fb40a5be0215919be39588c3c872831d32621d8a9c038ae8ba84a263e10e", "workload_profile_id": "submission-era-azure-cdf-low-v1", "workload_profile_sha256": "2dd3147eb8b807c39fb6bbf4a977f42f4db860cddfd1e07664c7dbb367b7e9a2"}
