2025-07-19 23:20:41,717 - INFO - 已创建备份: c:\Users\99349\Desktop\serverless_sim_game\serverless_sim\records_backup_20250719_232040
2025-07-19 23:20:58,267 - INFO - 删除文件: c:\Users\99349\Desktop\serverless_sim_game\serverless_sim\records\sd.rfhigh.dtmix.cshigh.ftcpu.nml1.mtscale_sche_separated.scl(hpa.)(default.)(least_task.)[(careful_down.)].scd(sche_nash.).ic(no_evict.).UTC_2025_07_09_08_26_58.json
2025-07-19 23:20:58,302 - INFO - 删除文件: c:\Users\99349\Desktop\serverless_sim_game\serverless_sim\records\sd.rfhigh.dtmix.cshigh.ftcpu.nml1.mtscale_sche_separated.scl(hpa.)(default.)(least_task.)[(careful_down.)].scd(sche_nash.).ic(no_evict.).UTC_2025_07_09_10_08_04.json
2025-07-19 23:20:58,338 - INFO - 删除文件: c:\Users\99349\Desktop\serverless_sim_game\serverless_sim\records\sd.rfhigh.dtmix.cshigh.ftcpu.nml1.mtscale_sche_separated.scl(hpa.)(default.)(least_task.)[(careful_down.)].scd(sche_nash.).ic(no_evict.).UTC_2025_07_09_09_46_31.json
2025-07-19 23:20:58,341 - INFO - 删除文件: c:\Users\99349\Desktop\serverless_sim_game\serverless_sim\records\sd.rfmiddle.dtmix.cshigh.ftcpu.nml1.mtscale_sche_separated.scl(hpa.)(default.)(least_task.)[(careful_down.)].scd(sche_nash.).ic(no_evict.).UTC_2025_07_09_08_25_44.json
2025-07-19 23:20:58,382 - INFO - 删除文件: c:\Users\99349\Desktop\serverless_sim_game\serverless_sim\records\sd.rfhigh.dtmix.cshigh.ftcpu.nml1.mtscale_sche_separated.scl(hpa.)(default.)(least_task.)[(careful_down.)].scd(sche_nash.).ic(no_evict.).UTC_2025_07_09_09_49_56.json
2025-07-19 23:20:58,382 - INFO - 删除文件: c:\Users\99349\Desktop\serverless_sim_game\serverless_sim\records\sd.rflow.dtmix.cshigh.ftcpu.nml1.mtscale_sche_separated.scl(hpa.)(default.)(least_task.)[(careful_down.)].scd(sche_nash.).ic(no_evict.).UTC_2025_07_09_08_08_05.json
2025-07-19 23:20:58,384 - INFO - 删除文件: c:\Users\99349\Desktop\serverless_sim_game\serverless_sim\records\sd.rflow.dtmix.cshigh.ftcpu.nml1.mtscale_sche_separated.scl(hpa.)(default.)(least_task.)[(careful_down.)].scd(sche_nash.).ic(no_evict.).UTC_2025_07_09_08_12_55.json
2025-07-19 23:20:58,385 - INFO - 删除文件: c:\Users\99349\Desktop\serverless_sim_game\serverless_sim\records\sd.rflow.dtmix.cshigh.ftcpu.nml1.mtscale_sche_separated.scl(hpa.)(default.)(least_task.)[(careful_down.)].scd(sche_nash.).ic(no_evict.).UTC_2025_07_09_08_09_15.json
2025-07-19 23:20:58,389 - INFO - 删除文件: c:\Users\99349\Desktop\serverless_sim_game\serverless_sim\records\sd.rfmiddle.dtmix.cshigh.ftcpu.nml1.mtscale_sche_separated.scl(hpa.)(default.)(least_task.)[(careful_down.)].scd(sche_nash.).ic(no_evict.).UTC_2025_07_09_08_23_41.json
2025-07-19 23:20:58,391 - INFO - 删除文件: c:\Users\99349\Desktop\serverless_sim_game\serverless_sim\records\sd.rfmiddle.dtmix.cshigh.ftcpu.nml1.mtscale_sche_separated.scl(hpa.)(default.)(least_task.)[(careful_down.)].scd(sche_nash.).ic(no_evict.).UTC_2025_07_09_08_17_06.json
2025-07-19 23:20:58,394 - INFO - 删除文件: c:\Users\99349\Desktop\serverless_sim_game\serverless_sim\records\sd.rfmiddle.dtmix.cshigh.ftcpu.nml1.mtscale_sche_separated.scl(hpa.)(default.)(least_task.)[(careful_down.)].scd(sche_nash.).ic(no_evict.).UTC_2025_07_09_08_15_26.json
2025-07-19 23:20:58,432 - INFO - 删除文件: c:\Users\99349\Desktop\serverless_sim_game\serverless_sim\records\sd.rfhigh.dtmix.cshigh.ftcpu.nml1.mtscale_sche_separated.scl(hpa.)(default.)(least_task.)[(careful_down.)].scd(sche_nash.).ic(no_evict.).UTC_2025_07_09_10_11_50.json
2025-07-19 23:20:58,433 - INFO - 删除文件: c:\Users\99349\Desktop\serverless_sim_game\serverless_sim\records\sd.rflow.dtmix.cshigh.ftcpu.nml1.mtscale_sche_separated.scl(hpa.)(default.)(least_task.)[(careful_down.)].scd(sche_nash.).ic(no_evict.).UTC_2025_07_09_08_11_49.json
2025-07-19 23:20:58,435 - INFO - 删除文件: c:\Users\99349\Desktop\serverless_sim_game\serverless_sim\records\sd.rfmiddle.dtmix.cshigh.ftcpu.nml1.mtscale_sche_separated.scl(hpa.)(default.)(least_task.)[(careful_down.)].scd(sche_nash.).ic(no_evict.).UTC_2025_07_09_08_14_18.json
2025-07-19 23:22:53,817 - INFO - 删除文件: C:\Users\99349\Desktop\serverless_sim_game\serverless_sim\records\test.rfhigh.algo1.UTC_2025_01_01_10_00_00.json
2025-07-19 23:22:53,817 - INFO - 删除文件: C:\Users\99349\Desktop\serverless_sim_game\serverless_sim\records\test.rfhigh.algo2.UTC_2025_01_01_10_05_00.json
2025-07-19 23:22:53,818 - INFO - 删除文件: C:\Users\99349\Desktop\serverless_sim_game\serverless_sim\records\test.rflow.algo1.UTC_2025_01_01_12_00_00.json
2025-07-19 23:22:53,819 - INFO - 删除文件: C:\Users\99349\Desktop\serverless_sim_game\serverless_sim\records\test.rflow.algo2.UTC_2025_01_01_12_05_00.json
2025-07-19 23:22:53,819 - INFO - 删除文件: C:\Users\99349\Desktop\serverless_sim_game\serverless_sim\records\test.rfmiddle.algo1.UTC_2025_01_01_11_00_00.json
2025-07-19 23:22:53,820 - INFO - 删除文件: C:\Users\99349\Desktop\serverless_sim_game\serverless_sim\records\test.rfmiddle.algo2.UTC_2025_01_01_11_05_00.json
2025-07-19 23:23:37,840 - INFO - 删除文件: C:\Users\99349\Desktop\serverless_sim_game\serverless_sim\records\test.cshigh.algo3.UTC_2025_01_01_10_10_00.json
2025-07-19 23:23:37,842 - INFO - 删除文件: C:\Users\99349\Desktop\serverless_sim_game\serverless_sim\records\test.rfhigh.algo2.UTC_2025_01_01_10_05_00.json
2025-07-19 23:23:37,843 - INFO - 删除文件: C:\Users\99349\Desktop\serverless_sim_game\serverless_sim\records\test.cslow.algo3.UTC_2025_01_01_12_10_00.json
2025-07-19 23:23:37,843 - INFO - 删除文件: C:\Users\99349\Desktop\serverless_sim_game\serverless_sim\records\test.rflow.algo2.UTC_2025_01_01_12_05_00.json
2025-07-19 23:23:37,843 - INFO - 删除文件: C:\Users\99349\Desktop\serverless_sim_game\serverless_sim\records\test.csmedium.algo3.UTC_2025_01_01_11_10_00.json
2025-07-19 23:23:37,844 - INFO - 删除文件: C:\Users\99349\Desktop\serverless_sim_game\serverless_sim\records\test.rfmiddle.algo2.UTC_2025_01_01_11_05_00.json
2025-07-19 23:28:12,529 - INFO - 已创建备份: c:\Users\99349\Desktop\serverless_sim_game\serverless_sim\records_backup_20250719_232811
2025-07-19 23:28:28,582 - INFO - 删除文件: c:\Users\99349\Desktop\serverless_sim_game\serverless_sim\records\sd.rfhigh.dtmix.cshigh.ftcpu.nml1.mtscale_sche_separated.scl(hpa.)(default.)(least_task.)[(careful_down.)].scd(sche_nash.).ic(no_evict.).UTC_2025_07_09_08_26_58.json
2025-07-19 23:28:28,618 - INFO - 删除文件: c:\Users\99349\Desktop\serverless_sim_game\serverless_sim\records\sd.rfhigh.dtmix.cshigh.ftcpu.nml1.mtscale_sche_separated.scl(hpa.)(default.)(least_task.)[(careful_down.)].scd(sche_nash.).ic(no_evict.).UTC_2025_07_09_10_08_04.json
2025-07-19 23:28:28,654 - INFO - 删除文件: c:\Users\99349\Desktop\serverless_sim_game\serverless_sim\records\sd.rfhigh.dtmix.cshigh.ftcpu.nml1.mtscale_sche_separated.scl(hpa.)(default.)(least_task.)[(careful_down.)].scd(sche_nash.).ic(no_evict.).UTC_2025_07_09_09_46_31.json
2025-07-19 23:28:28,658 - INFO - 删除文件: c:\Users\99349\Desktop\serverless_sim_game\serverless_sim\records\sd.rfmiddle.dtmix.cshigh.ftcpu.nml1.mtscale_sche_separated.scl(hpa.)(default.)(least_task.)[(careful_down.)].scd(sche_nash.).ic(no_evict.).UTC_2025_07_09_08_25_44.json
2025-07-19 23:28:28,696 - INFO - 删除文件: c:\Users\99349\Desktop\serverless_sim_game\serverless_sim\records\sd.rfhigh.dtmix.cshigh.ftcpu.nml1.mtscale_sche_separated.scl(hpa.)(default.)(least_task.)[(careful_down.)].scd(sche_nash.).ic(no_evict.).UTC_2025_07_09_09_49_56.json
2025-07-19 23:28:28,697 - INFO - 删除文件: c:\Users\99349\Desktop\serverless_sim_game\serverless_sim\records\sd.rflow.dtmix.cshigh.ftcpu.nml1.mtscale_sche_separated.scl(hpa.)(default.)(least_task.)[(careful_down.)].scd(sche_nash.).ic(no_evict.).UTC_2025_07_09_08_08_05.json
2025-07-19 23:28:28,698 - INFO - 删除文件: c:\Users\99349\Desktop\serverless_sim_game\serverless_sim\records\sd.rflow.dtmix.cshigh.ftcpu.nml1.mtscale_sche_separated.scl(hpa.)(default.)(least_task.)[(careful_down.)].scd(sche_nash.).ic(no_evict.).UTC_2025_07_09_08_12_55.json
2025-07-19 23:28:28,699 - INFO - 删除文件: c:\Users\99349\Desktop\serverless_sim_game\serverless_sim\records\sd.rflow.dtmix.cshigh.ftcpu.nml1.mtscale_sche_separated.scl(hpa.)(default.)(least_task.)[(careful_down.)].scd(sche_nash.).ic(no_evict.).UTC_2025_07_09_08_09_15.json
2025-07-19 23:28:28,703 - INFO - 删除文件: c:\Users\99349\Desktop\serverless_sim_game\serverless_sim\records\sd.rfmiddle.dtmix.cshigh.ftcpu.nml1.mtscale_sche_separated.scl(hpa.)(default.)(least_task.)[(careful_down.)].scd(sche_nash.).ic(no_evict.).UTC_2025_07_09_08_23_41.json
2025-07-19 23:28:28,707 - INFO - 删除文件: c:\Users\99349\Desktop\serverless_sim_game\serverless_sim\records\sd.rfmiddle.dtmix.cshigh.ftcpu.nml1.mtscale_sche_separated.scl(hpa.)(default.)(least_task.)[(careful_down.)].scd(sche_nash.).ic(no_evict.).UTC_2025_07_09_08_17_06.json
2025-07-19 23:28:28,709 - INFO - 删除文件: c:\Users\99349\Desktop\serverless_sim_game\serverless_sim\records\sd.rfmiddle.dtmix.cshigh.ftcpu.nml1.mtscale_sche_separated.scl(hpa.)(default.)(least_task.)[(careful_down.)].scd(sche_nash.).ic(no_evict.).UTC_2025_07_09_08_15_26.json
2025-07-19 23:28:28,741 - INFO - 删除文件: c:\Users\99349\Desktop\serverless_sim_game\serverless_sim\records\sd.rfhigh.dtmix.cshigh.ftcpu.nml1.mtscale_sche_separated.scl(hpa.)(default.)(least_task.)[(careful_down.)].scd(sche_nash.).ic(no_evict.).UTC_2025_07_09_10_11_50.json
2025-07-19 23:28:28,744 - INFO - 删除文件: c:\Users\99349\Desktop\serverless_sim_game\serverless_sim\records\sd.rflow.dtmix.cshigh.ftcpu.nml1.mtscale_sche_separated.scl(hpa.)(default.)(least_task.)[(careful_down.)].scd(sche_nash.).ic(no_evict.).UTC_2025_07_09_08_11_49.json
2025-07-19 23:28:28,746 - INFO - 删除文件: c:\Users\99349\Desktop\serverless_sim_game\serverless_sim\records\sd.rfmiddle.dtmix.cshigh.ftcpu.nml1.mtscale_sche_separated.scl(hpa.)(default.)(least_task.)[(careful_down.)].scd(sche_nash.).ic(no_evict.).UTC_2025_07_09_08_14_18.json
2025-07-19 23:30:49,363 - INFO - 已创建备份: c:\Users\99349\Desktop\serverless_sim_game\serverless_sim\records_backup_20250719_233048
2025-07-19 23:31:05,217 - INFO - 删除文件: c:\Users\99349\Desktop\serverless_sim_game\serverless_sim\records\sd.rflow.dtmix.cshigh.ftcpu.nml1.mtscale_sche_separated.scl(hpa.)(default.)(least_task.)[(careful_down.)].scd(sche_nash.).ic(no_evict.).UTC_2025_07_09_08_11_49.json
2025-07-19 23:31:05,249 - INFO - 删除文件: c:\Users\99349\Desktop\serverless_sim_game\serverless_sim\records\sd.rfhigh.dtmix.cshigh.ftcpu.nml1.mtscale_sche_separated.scl(hpa.)(default.)(least_task.)[(careful_down.)].scd(sche_nash.).ic(no_evict.).UTC_2025_07_09_10_11_50.json
2025-07-19 23:31:05,253 - INFO - 删除文件: c:\Users\99349\Desktop\serverless_sim_game\serverless_sim\records\sd.rfmiddle.dtmix.cshigh.ftcpu.nml1.mtscale_sche_separated.scl(hpa.)(default.)(least_task.)[(careful_down.)].scd(sche_nash.).ic(no_evict.).UTC_2025_07_09_08_15_26.json
2025-07-19 23:31:05,256 - INFO - 删除文件: c:\Users\99349\Desktop\serverless_sim_game\serverless_sim\records\sd.rfmiddle.dtmix.cshigh.ftcpu.nml1.mtscale_sche_separated.scl(hpa.)(default.)(least_task.)[(careful_down.)].scd(sche_nash.).ic(no_evict.).UTC_2025_07_09_08_17_06.json
2025-07-19 23:31:05,259 - INFO - 删除文件: c:\Users\99349\Desktop\serverless_sim_game\serverless_sim\records\sd.rfmiddle.dtmix.cshigh.ftcpu.nml1.mtscale_sche_separated.scl(hpa.)(default.)(least_task.)[(careful_down.)].scd(sche_nash.).ic(no_evict.).UTC_2025_07_09_08_23_41.json
2025-07-19 23:31:05,260 - INFO - 删除文件: c:\Users\99349\Desktop\serverless_sim_game\serverless_sim\records\sd.rflow.dtmix.cshigh.ftcpu.nml1.mtscale_sche_separated.scl(hpa.)(default.)(least_task.)[(careful_down.)].scd(sche_nash.).ic(no_evict.).UTC_2025_07_09_08_09_15.json
2025-07-19 23:31:05,260 - INFO - 删除文件: c:\Users\99349\Desktop\serverless_sim_game\serverless_sim\records\sd.rflow.dtmix.cshigh.ftcpu.nml1.mtscale_sche_separated.scl(hpa.)(default.)(least_task.)[(careful_down.)].scd(sche_nash.).ic(no_evict.).UTC_2025_07_09_08_12_55.json
2025-07-19 23:31:05,262 - INFO - 删除文件: c:\Users\99349\Desktop\serverless_sim_game\serverless_sim\records\sd.rflow.dtmix.cshigh.ftcpu.nml1.mtscale_sche_separated.scl(hpa.)(default.)(least_task.)[(careful_down.)].scd(sche_nash.).ic(no_evict.).UTC_2025_07_09_08_08_05.json
2025-07-19 23:31:05,297 - INFO - 删除文件: c:\Users\99349\Desktop\serverless_sim_game\serverless_sim\records\sd.rfhigh.dtmix.cshigh.ftcpu.nml1.mtscale_sche_separated.scl(hpa.)(default.)(least_task.)[(careful_down.)].scd(sche_nash.).ic(no_evict.).UTC_2025_07_09_09_49_56.json
2025-07-19 23:31:05,300 - INFO - 删除文件: c:\Users\99349\Desktop\serverless_sim_game\serverless_sim\records\sd.rfmiddle.dtmix.cshigh.ftcpu.nml1.mtscale_sche_separated.scl(hpa.)(default.)(least_task.)[(careful_down.)].scd(sche_nash.).ic(no_evict.).UTC_2025_07_09_08_25_44.json
2025-07-19 23:31:05,335 - INFO - 删除文件: c:\Users\99349\Desktop\serverless_sim_game\serverless_sim\records\sd.rfhigh.dtmix.cshigh.ftcpu.nml1.mtscale_sche_separated.scl(hpa.)(default.)(least_task.)[(careful_down.)].scd(sche_nash.).ic(no_evict.).UTC_2025_07_09_09_46_31.json
2025-07-19 23:31:05,371 - INFO - 删除文件: c:\Users\99349\Desktop\serverless_sim_game\serverless_sim\records\sd.rfhigh.dtmix.cshigh.ftcpu.nml1.mtscale_sche_separated.scl(hpa.)(default.)(least_task.)[(careful_down.)].scd(sche_nash.).ic(no_evict.).UTC_2025_07_09_10_08_04.json
2025-07-19 23:31:05,406 - INFO - 删除文件: c:\Users\99349\Desktop\serverless_sim_game\serverless_sim\records\sd.rfhigh.dtmix.cshigh.ftcpu.nml1.mtscale_sche_separated.scl(hpa.)(default.)(least_task.)[(careful_down.)].scd(sche_nash.).ic(no_evict.).UTC_2025_07_09_08_26_58.json
2025-07-19 23:31:05,407 - INFO - 删除文件: c:\Users\99349\Desktop\serverless_sim_game\serverless_sim\records\sd.rflow.dtmix.cshigh.ftcpu.nml1.mtscale_sche_separated.scl(hpa.)(default.)(least_task.)[(careful_down.)].scd(sche_nash.).ic(no_evict.).UTC_2025_07_09_08_10_27.json
