  ____                                        _                    
 / ___|    ___   _ __  __   __   ___   _ __  | |   ___   ___   ___ 
 \___ \   / _ \ | '__| \ \ / /  / _ \ | '__| | |  / _ \ / __| / __|
  ___) | |  __/ | |     \ V /  |  __/ | |    | | |  __/ \__ \ \__ \
 |____/   \___| |_|      \_/    \___| |_|    |_|  \___| |___/ |___/
                                                                   
  ____    _             
 / ___|  (_)  _ __ ___  
 \___ \  | | | '_ ` _ \ 
  ___) | | | | | | | | |
 |____/  |_| |_| |_| |_|
                        

job_name:j_1537135
job_name:j_202329
job_name:j_263203
job_name:j_3566754
job_name:j_3475780
job_name:j_3131750
job_name:j_3774426
job_name:j_2848626
job_name:j_3263746
job_name:j_4044904
job_name:j_4115553
job_name:j_4163854
job_name:j_2926456
job_name:j_3256446
job_name:j_3343042
job_name:j_1608434
job_name:j_2109817
job_name:j_1167440
job_name:j_3076997
job_name:j_1759496
job_name:j_1351522
job_name:j_3705953
job_name:j_3944995
job_name:j_1874892
job_name:j_2409488
job_name:j_4010382
job_name:j_2776134
job_name:j_2736748
job_name:j_2601419
job_name:j_3362801
job_name:j_1903220
job_name:j_2627960
job_name:j_2469048
job_name:j_3931396
job_name:j_4093694
job_name:j_2095326
job_name:j_197582
job_name:j_3796630
job_name:j_3466684
job_name:j_1842423
job_name:j_1868126
job_name:j_3078698
job_name:j_2775849
job_name:j_3018201
job_name:j_3823068
{"ended_at": "2026-09-04T18:59:49.172802Z", "python_helper_interpreter": "D:\\Anaconda3\\python.exe", "python_helper_interpreter_sha256": "a1685ca0f56367b7ca3e8bf1bcbdd3a326f5e8e20c8743bf3108586f0aaff384", "python_helper_version": "3.9.7 (default, Sep 16 2021, 16:59:28) [MSC v.1916 64 bit (AMD64)]", "reset_response_id": 1, "run_id": "TSCv1.E7.homogeneous.n20.low.sche_nash.FD121.6d72a83a", "schema_version": "NSE_SERVERLESS_ADAPTER_V1", "server_executable": "C:\\Users\\99349\\Desktop\\serverless_sim_game_revision\\serverless_sim\\target_g18_overflow_soft_cap_impl\\release\\serverless_sim.exe", "server_executable_sha256": "aaa0980cf451a88f7b3652f55c3e8c624af2a71b6312c40f4b19aa83bf6af713", "server_log_level": "warn", "server_pid": 156716, "started_at": "2026-09-04T18:59:38.184048Z", "status": "completed", "step_response_id": 1, "summary_sha256": "230f7eba32e0f363f30a9696ae118b8f657bc61826905fd2b18fd05e1a82202a", "workload_profile_id": "submission-era-azure-cdf-low-v1", "workload_profile_sha256": "2dd3147eb8b807c39fb6bbf4a977f42f4db860cddfd1e07664c7dbb367b7e9a2"}
