  ____                                        _                    
 / ___|    ___   _ __  __   __   ___   _ __  | |   ___   ___   ___ 
 \___ \   / _ \ | '__| \ \ / /  / _ \ | '__| | |  / _ \ / __| / __|
  ___) | |  __/ | |     \ V /  |  __/ | |    | | |  __/ \__ \ \__ \
 |____/   \___| |_|      \_/    \___| |_|    |_|  \___| |___/ |___/
                                                                   
  ____    _             
 / ___|  (_)  _ __ ___  
 \___ \  | | | '_ ` _ \ 
  ___) | | | | | | | | |
 |____/  |_| |_| |_| |_|
                        

job_name:j_747410
job_name:j_627528
job_name:j_3406460
job_name:j_1448923
job_name:j_4073821
job_name:j_181292
job_name:j_3389226
job_name:j_3884454
job_name:j_360097
job_name:j_3898055
job_name:j_798919
job_name:j_3289087
job_name:j_1645894
job_name:j_538246
job_name:j_3407786
job_name:j_1437331
job_name:j_279974
job_name:j_1447161
job_name:j_4147797
job_name:j_1452343
job_name:j_3203893
job_name:j_3427246
job_name:j_3498577
job_name:j_3175657
job_name:j_2327509
job_name:j_2198538
job_name:j_101404
job_name:j_2352901
job_name:j_2646452
job_name:j_143357
job_name:j_686679
job_name:j_3585578
job_name:j_3502228
job_name:j_1030775
job_name:j_3302076
job_name:j_3960541
job_name:j_2484174
job_name:j_3553834
job_name:j_3327237
job_name:j_2808612
job_name:j_583911
job_name:j_3784396
job_name:j_351972
job_name:j_2903011
job_name:j_3289882
{"ended_at": "2026-09-04T11:34:42.888206Z", "python_helper_interpreter": "D:\\Anaconda3\\python.exe", "python_helper_interpreter_sha256": "a1685ca0f56367b7ca3e8bf1bcbdd3a326f5e8e20c8743bf3108586f0aaff384", "python_helper_version": "3.9.7 (default, Sep 16 2021, 16:59:28) [MSC v.1916 64 bit (AMD64)]", "reset_response_id": 1, "run_id": "capture.steady.low.homogeneous.mixed.D106.2dd3147eb8b8", "schema_version": "NSE_SERVERLESS_ADAPTER_V1", "server_executable": "C:\\Users\\99349\\Desktop\\serverless_sim_game_revision\\serverless_sim\\target_g14_deferral_release_valve_impl\\release\\serverless_sim.exe", "server_executable_sha256": "ed885d50c9342a2a98f7a5a82662aef5c8415504111960d046569e5e66c873c7", "server_log_level": "warn", "server_pid": 151192, "started_at": "2026-09-04T11:34:30.029482Z", "status": "completed", "step_response_id": 1, "summary_sha256": "6188bf1d9ed68a298c8e760da29aa32723006eeb113be49479de76b00762fca2", "workload_profile_id": "submission-era-azure-cdf-low-v1", "workload_profile_sha256": "2dd3147eb8b807c39fb6bbf4a977f42f4db860cddfd1e07664c7dbb367b7e9a2"}
