  ____                                        _                    
 / ___|    ___   _ __  __   __   ___   _ __  | |   ___   ___   ___ 
 \___ \   / _ \ | '__| \ \ / /  / _ \ | '__| | |  / _ \ / __| / __|
  ___) | |  __/ | |     \ V /  |  __/ | |    | | |  __/ \__ \ \__ \
 |____/   \___| |_|      \_/    \___| |_|    |_|  \___| |___/ |___/
                                                                   
  ____    _             
 / ___|  (_)  _ __ ___  
 \___ \  | | | '_ ` _ \ 
  ___) | | | | | | | | |
 |____/  |_| |_| |_| |_|
                        

job_name:j_3552660
job_name:j_676818
job_name:j_3481847
job_name:j_1291824
job_name:j_410992
job_name:j_2091865
job_name:j_1999142
job_name:j_537811
job_name:j_2408569
job_name:j_1848571
job_name:j_1276890
job_name:j_892732
job_name:j_144716
job_name:j_1814262
job_name:j_132444
job_name:j_2264420
job_name:j_774973
job_name:j_2349555
job_name:j_2803637
job_name:j_189724
job_name:j_263241
job_name:j_1822648
job_name:j_4042959
job_name:j_48835
job_name:j_1202662
job_name:j_2585860
job_name:j_2528713
job_name:j_1113579
job_name:j_967807
job_name:j_173137
job_name:j_2881589
job_name:j_1253648
job_name:j_2126318
job_name:j_2736080
job_name:j_380427
job_name:j_3961920
job_name:j_1941777
job_name:j_3085732
job_name:j_1676908
job_name:j_2418271
job_name:j_1708171
job_name:j_681312
job_name:j_3015002
job_name:j_126887
job_name:j_3396565
{"ended_at": "2026-09-04T17:43:38.631786Z", "python_helper_interpreter": "D:\\Anaconda3\\python.exe", "python_helper_interpreter_sha256": "a1685ca0f56367b7ca3e8bf1bcbdd3a326f5e8e20c8743bf3108586f0aaff384", "python_helper_version": "3.9.7 (default, Sep 16 2021, 16:59:28) [MSC v.1916 64 bit (AMD64)]", "reset_response_id": 1, "run_id": "TSCv1.E1.homogeneous.n20.low.sche_nash.FD120.350ebf1e", "schema_version": "NSE_SERVERLESS_ADAPTER_V1", "server_executable": "C:\\Users\\99349\\Desktop\\serverless_sim_game_revision\\serverless_sim\\target_g18_overflow_soft_cap_impl\\release\\serverless_sim.exe", "server_executable_sha256": "aaa0980cf451a88f7b3652f55c3e8c624af2a71b6312c40f4b19aa83bf6af713", "server_log_level": "warn", "server_pid": 134840, "started_at": "2026-09-04T17:43:29.394226Z", "status": "completed", "step_response_id": 1, "summary_sha256": "247a1dc8cae4764046e758713a40bdd9ba57ec5702dddceb05f43167c03deda3", "workload_profile_id": "submission-era-azure-cdf-low-v1", "workload_profile_sha256": "2dd3147eb8b807c39fb6bbf4a977f42f4db860cddfd1e07664c7dbb367b7e9a2"}
