  ____                                        _                    
 / ___|    ___   _ __  __   __   ___   _ __  | |   ___   ___   ___ 
 \___ \   / _ \ | '__| \ \ / /  / _ \ | '__| | |  / _ \ / __| / __|
  ___) | |  __/ | |     \ V /  |  __/ | |    | | |  __/ \__ \ \__ \
 |____/   \___| |_|      \_/    \___| |_|    |_|  \___| |___/ |___/
                                                                   
  ____    _             
 / ___|  (_)  _ __ ___  
 \___ \  | | | '_ ` _ \ 
  ___) | | | | | | | | |
 |____/  |_| |_| |_| |_|
                        

job_name:j_46533
job_name:j_1296769
job_name:j_3792552
job_name:j_2752295
job_name:j_3525530
job_name:j_84651
job_name:j_1400541
job_name:j_3307968
job_name:j_3480968
job_name:j_2336555
job_name:j_3194576
job_name:j_3287075
job_name:j_4084634
job_name:j_3947814
job_name:j_838084
job_name:j_1528363
job_name:j_547022
job_name:j_2170117
job_name:j_3669717
job_name:j_1756876
job_name:j_3692337
job_name:j_1469102
job_name:j_700674
job_name:j_2699444
job_name:j_3043833
job_name:j_3868314
job_name:j_2570107
job_name:j_2045308
job_name:j_97172
job_name:j_4047519
job_name:j_727051
job_name:j_2340436
job_name:j_4113150
job_name:j_3059002
job_name:j_1029830
job_name:j_3769584
job_name:j_3594713
job_name:j_2579299
job_name:j_4144145
job_name:j_1274019
job_name:j_116680
job_name:j_65782
job_name:j_2393338
job_name:j_1122652
job_name:j_3332647
{"ended_at": "2026-09-04T14:38:09.830570Z", "python_helper_interpreter": "D:\\Anaconda3\\python.exe", "python_helper_interpreter_sha256": "a1685ca0f56367b7ca3e8bf1bcbdd3a326f5e8e20c8743bf3108586f0aaff384", "python_helper_version": "3.9.7 (default, Sep 16 2021, 16:59:28) [MSC v.1916 64 bit (AMD64)]", "reset_response_id": 1, "run_id": "reference-build.nse-reference.G16.sche_nash.ready_order.low.homogeneous.n20.D111.f495c05a1238f4a2", "schema_version": "NSE_SERVERLESS_ADAPTER_V1", "server_executable": "C:\\Users\\99349\\Desktop\\serverless_sim_game_revision\\serverless_sim\\target_g16_overflow_magnitude_valve_impl\\release\\serverless_sim.exe", "server_executable_sha256": "652d1831f1e7ccb531b6ec462cb0a2d5963b49d0f0c7f6b35c0b6a8e92751cfd", "server_log_level": "warn", "server_pid": 151932, "started_at": "2026-09-04T14:38:00.449518Z", "status": "completed", "step_response_id": 1, "summary_sha256": "c1fcf02c6be3c9dd7d908fcdad36deed4b86d69843be65636dfb680aa57730fe", "workload_profile_id": "submission-era-azure-cdf-low-v1", "workload_profile_sha256": "2dd3147eb8b807c39fb6bbf4a977f42f4db860cddfd1e07664c7dbb367b7e9a2"}
