  ____                                        _                    
 / ___|    ___   _ __  __   __   ___   _ __  | |   ___   ___   ___ 
 \___ \   / _ \ | '__| \ \ / /  / _ \ | '__| | |  / _ \ / __| / __|
  ___) | |  __/ | |     \ V /  |  __/ | |    | | |  __/ \__ \ \__ \
 |____/   \___| |_|      \_/    \___| |_|    |_|  \___| |___/ |___/
                                                                   
  ____    _             
 / ___|  (_)  _ __ ___  
 \___ \  | | | '_ ` _ \ 
  ___) | | | | | | | | |
 |____/  |_| |_| |_| |_|
                        

job_name:j_3196772
job_name:j_912529
job_name:j_3950647
job_name:j_1576775
job_name:j_2604676
job_name:j_2917975
job_name:j_1990246
job_name:j_267265
job_name:j_2689642
job_name:j_3780985
job_name:j_3997103
job_name:j_835826
job_name:j_1620332
job_name:j_1997948
job_name:j_2320235
job_name:j_3289685
job_name:j_438446
job_name:j_1028574
job_name:j_3839109
job_name:j_1319706
job_name:j_3182885
job_name:j_664506
job_name:j_3520093
job_name:j_2355785
job_name:j_4087792
job_name:j_4144837
job_name:j_4050335
job_name:j_960776
job_name:j_3055231
job_name:j_804136
job_name:j_2602304
job_name:j_452618
job_name:j_3840606
job_name:j_1811294
job_name:j_143346
job_name:j_1691899
job_name:j_1969663
job_name:j_2346141
job_name:j_787516
job_name:j_4020698
job_name:j_273388
job_name:j_2239372
job_name:j_3345827
job_name:j_42684
job_name:j_2337513
{"ended_at": "2026-09-04T19:01:52.482565Z", "python_helper_interpreter": "D:\\Anaconda3\\python.exe", "python_helper_interpreter_sha256": "a1685ca0f56367b7ca3e8bf1bcbdd3a326f5e8e20c8743bf3108586f0aaff384", "python_helper_version": "3.9.7 (default, Sep 16 2021, 16:59:28) [MSC v.1916 64 bit (AMD64)]", "reset_response_id": 1, "run_id": "TSCv1.E7.homogeneous.n20.low.sche_nash.FD123.741a9cf4", "schema_version": "NSE_SERVERLESS_ADAPTER_V1", "server_executable": "C:\\Users\\99349\\Desktop\\serverless_sim_game_revision\\serverless_sim\\target_g18_overflow_soft_cap_impl\\release\\serverless_sim.exe", "server_executable_sha256": "aaa0980cf451a88f7b3652f55c3e8c624af2a71b6312c40f4b19aa83bf6af713", "server_log_level": "warn", "server_pid": 160964, "started_at": "2026-09-04T19:01:42.743171Z", "status": "completed", "step_response_id": 1, "summary_sha256": "8a3bded591a44d6c916353a017f41f27aae11c1dde6d9daabcf7fd38b8ddc52e", "workload_profile_id": "submission-era-azure-cdf-low-v1", "workload_profile_sha256": "2dd3147eb8b807c39fb6bbf4a977f42f4db860cddfd1e07664c7dbb367b7e9a2"}
