  ____                                        _                    
 / ___|    ___   _ __  __   __   ___   _ __  | |   ___   ___   ___ 
 \___ \   / _ \ | '__| \ \ / /  / _ \ | '__| | |  / _ \ / __| / __|
  ___) | |  __/ | |     \ V /  |  __/ | |    | | |  __/ \__ \ \__ \
 |____/   \___| |_|      \_/    \___| |_|    |_|  \___| |___/ |___/
                                                                   
  ____    _             
 / ___|  (_)  _ __ ___  
 \___ \  | | | '_ ` _ \ 
  ___) | | | | | | | | |
 |____/  |_| |_| |_| |_|
                        

job_name:j_3624838
job_name:j_986982
job_name:j_1306075
job_name:j_768428
job_name:j_2947627
job_name:j_2695852
job_name:j_213196
job_name:j_412131
job_name:j_2966546
job_name:j_451528
job_name:j_376707
job_name:j_335701
job_name:j_2505775
job_name:j_3170425
job_name:j_3272185
job_name:j_1784894
job_name:j_2691911
job_name:j_2028550
job_name:j_528346
job_name:j_3885803
job_name:j_4187895
job_name:j_1057571
job_name:j_735754
job_name:j_3089993
job_name:j_4062668
job_name:j_2846542
job_name:j_1564372
job_name:j_247858
job_name:j_1205353
job_name:j_3624574
job_name:j_799430
job_name:j_3071862
job_name:j_3095470
job_name:j_3350774
job_name:j_3291081
job_name:j_3938071
job_name:j_1394972
job_name:j_2394771
job_name:j_1076802
job_name:j_4175645
job_name:j_528226
job_name:j_731798
job_name:j_2116377
job_name:j_1976287
job_name:j_2109652
{"ended_at": "2026-09-04T14:41:25.330705Z", "python_helper_interpreter": "D:\\Anaconda3\\python.exe", "python_helper_interpreter_sha256": "a1685ca0f56367b7ca3e8bf1bcbdd3a326f5e8e20c8743bf3108586f0aaff384", "python_helper_version": "3.9.7 (default, Sep 16 2021, 16:59:28) [MSC v.1916 64 bit (AMD64)]", "reset_response_id": 1, "run_id": "reference-build.nse-reference.G16.sche_nash.ready_order.middle.homogeneous.n20.D115.0202218d405622bc", "schema_version": "NSE_SERVERLESS_ADAPTER_V1", "server_executable": "C:\\Users\\99349\\Desktop\\serverless_sim_game_revision\\serverless_sim\\target_g16_overflow_magnitude_valve_impl\\release\\serverless_sim.exe", "server_executable_sha256": "652d1831f1e7ccb531b6ec462cb0a2d5963b49d0f0c7f6b35c0b6a8e92751cfd", "server_log_level": "warn", "server_pid": 142852, "started_at": "2026-09-04T14:41:15.481019Z", "status": "completed", "step_response_id": 1, "summary_sha256": "6a42eedefff2f8b9b33a141fe9fc43f1c0be39089fdf7f4f03f1dae607a661bc", "workload_profile_id": "submission-era-azure-cdf-middle-v1", "workload_profile_sha256": "a810c95735845b25ecc9e0b59266e322fdf5eb83871903baa1128f757ea5a3aa"}
