  ____                                        _                    
 / ___|    ___   _ __  __   __   ___   _ __  | |   ___   ___   ___ 
 \___ \   / _ \ | '__| \ \ / /  / _ \ | '__| | |  / _ \ / __| / __|
  ___) | |  __/ | |     \ V /  |  __/ | |    | | |  __/ \__ \ \__ \
 |____/   \___| |_|      \_/    \___| |_|    |_|  \___| |___/ |___/
                                                                   
  ____    _             
 / ___|  (_)  _ __ ___  
 \___ \  | | | '_ ` _ \ 
  ___) | | | | | | | | |
 |____/  |_| |_| |_| |_|
                        

job_name:j_2107516
job_name:j_2559035
job_name:j_3824626
job_name:j_1006109
job_name:j_2082983
job_name:j_1322637
job_name:j_72658
job_name:j_3105050
job_name:j_3060671
job_name:j_3120661
job_name:j_3703743
job_name:j_2758027
job_name:j_3785156
job_name:j_2990449
job_name:j_2599754
job_name:j_1642895
job_name:j_531828
job_name:j_3699024
job_name:j_183732
job_name:j_1232214
job_name:j_1209030
job_name:j_2864940
job_name:j_289316
job_name:j_918810
job_name:j_21550
job_name:j_879060
job_name:j_2488314
job_name:j_1630445
job_name:j_3258166
job_name:j_3882763
job_name:j_1618081
job_name:j_3871213
job_name:j_4008486
job_name:j_3187865
job_name:j_2973464
job_name:j_2700661
job_name:j_2255257
job_name:j_3742404
job_name:j_2278177
job_name:j_1585721
job_name:j_587969
job_name:j_2667861
job_name:j_2147311
job_name:j_2557324
job_name:j_1001998
{"ended_at": "2026-09-04T11:51:19.883828Z", "python_helper_interpreter": "D:\\Anaconda3\\python.exe", "python_helper_interpreter_sha256": "a1685ca0f56367b7ca3e8bf1bcbdd3a326f5e8e20c8743bf3108586f0aaff384", "python_helper_version": "3.9.7 (default, Sep 16 2021, 16:59:28) [MSC v.1916 64 bit (AMD64)]", "reset_response_id": 1, "run_id": "reference-build.nse-reference.G14.sche_nash.ready_global_deferral_release_valve.middle.homogeneous.n20.D107.ae4dbf775d45cda9", "schema_version": "NSE_SERVERLESS_ADAPTER_V1", "server_executable": "C:\\Users\\99349\\Desktop\\serverless_sim_game_revision\\serverless_sim\\target_g14_deferral_release_valve_impl\\release\\serverless_sim.exe", "server_executable_sha256": "ed885d50c9342a2a98f7a5a82662aef5c8415504111960d046569e5e66c873c7", "server_log_level": "warn", "server_pid": 154884, "started_at": "2026-09-04T11:51:07.749861Z", "status": "completed", "step_response_id": 1, "summary_sha256": "23f8863bbc1c93bcd5d6ea5ae08374e6b05ba1b14ac5c6d736573e0c82a3e7e5", "workload_profile_id": "submission-era-azure-cdf-middle-v1", "workload_profile_sha256": "a810c95735845b25ecc9e0b59266e322fdf5eb83871903baa1128f757ea5a3aa"}
