  ____                                        _                    
 / ___|    ___   _ __  __   __   ___   _ __  | |   ___   ___   ___ 
 \___ \   / _ \ | '__| \ \ / /  / _ \ | '__| | |  / _ \ / __| / __|
  ___) | |  __/ | |     \ V /  |  __/ | |    | | |  __/ \__ \ \__ \
 |____/   \___| |_|      \_/    \___| |_|    |_|  \___| |___/ |___/
                                                                   
  ____    _             
 / ___|  (_)  _ __ ___  
 \___ \  | | | '_ ` _ \ 
  ___) | | | | | | | | |
 |____/  |_| |_| |_| |_|
                        

job_name:j_3057674
job_name:j_1907434
job_name:j_334499
job_name:j_3633827
job_name:j_3940531
job_name:j_2189121
job_name:j_2136133
job_name:j_3559810
job_name:j_1020122
job_name:j_3432331
job_name:j_483676
job_name:j_1213475
job_name:j_1732115
job_name:j_3012726
job_name:j_3158241
job_name:j_1436844
job_name:j_3401923
job_name:j_2518366
job_name:j_2460613
job_name:j_2106995
job_name:j_1402663
job_name:j_1819693
job_name:j_4123836
job_name:j_2209718
job_name:j_2622656
job_name:j_3634751
job_name:j_589404
job_name:j_2817976
job_name:j_3944437
job_name:j_329913
job_name:j_2321590
job_name:j_1093144
job_name:j_3694320
job_name:j_3546687
job_name:j_2662879
job_name:j_2473805
job_name:j_3614883
job_name:j_564730
job_name:j_1616897
job_name:j_2652825
job_name:j_3715034
job_name:j_907474
job_name:j_2991713
job_name:j_831925
job_name:j_1761962
{"ended_at": "2026-09-04T14:28:58.726039Z", "python_helper_interpreter": "D:\\Anaconda3\\python.exe", "python_helper_interpreter_sha256": "a1685ca0f56367b7ca3e8bf1bcbdd3a326f5e8e20c8743bf3108586f0aaff384", "python_helper_version": "3.9.7 (default, Sep 16 2021, 16:59:28) [MSC v.1916 64 bit (AMD64)]", "reset_response_id": 1, "run_id": "capture.steady.middle.homogeneous.mixed.D114.a810c9573584", "schema_version": "NSE_SERVERLESS_ADAPTER_V1", "server_executable": "C:\\Users\\99349\\Desktop\\serverless_sim_game_revision\\serverless_sim\\target_g16_overflow_magnitude_valve_impl\\release\\serverless_sim.exe", "server_executable_sha256": "652d1831f1e7ccb531b6ec462cb0a2d5963b49d0f0c7f6b35c0b6a8e92751cfd", "server_log_level": "warn", "server_pid": 146304, "started_at": "2026-09-04T14:28:40.114544Z", "status": "completed", "step_response_id": 1, "summary_sha256": "70cfabd4df6bd17ca3fa8d56e91420c6a9835fd13171e0db9cf64db27972a66b", "workload_profile_id": "submission-era-azure-cdf-middle-v1", "workload_profile_sha256": "a810c95735845b25ecc9e0b59266e322fdf5eb83871903baa1128f757ea5a3aa"}
